<?xml version="1.0" encoding="UTF-8"?>
<dataset>

    <review id="100"
            user_id="100"
            user_id1="100"
            employee_id="100"
            form_data='{"body_status":{"pulse":70,"weight":90,"height":180,"systolic":120,"diastolic":80}}' />

</dataset>